// Jest Snapshot v1, https://goo.gl/fbAQLP

exports[`Each Component renders correctly Carousel renders correctly 1`] = `ShallowWrapper {}`;
